// Jest Snapshot v1, https://goo.gl/fbAQLP

exports[`should render the app 1`] = `
<div>
  <Header
    title="BrewDog"
  />
  <section
    className="container"
  >
    <BeerBanner />
    <SearchForm />
  </section>
  <footer
    className="footer-section"
  >
    <small>
      Developed by Dinesh Haribabu
    </small>
  </footer>
</div>
`;
