// Jest Snapshot v1, https://goo.gl/fbAQLP

exports[`should render beer banner correctly 1`] = `
<div
  className="banner-container"
>
  <h3
    className="beer-name"
  >
    Beer 1
  </h3>
  <div
    className="flex-container"
  >
    <div
      className="image-container"
    >
      <img
        className="beer-image"
      />
    </div>
    <div
      className="beer-desc"
    >
      Beer description
    </div>
    <div
      className="switch-beer"
    >
      <button
        className="button primary-btn button-alcoholic-beer"
        onClick={[Function]}
      >
        Another Beer
      </button>
      <button
        className="button primary-btn"
        onClick={[Function]}
      >
        Random Non-Alcoholic Beer
      </button>
    </div>
  </div>
</div>
`;

exports[`should render error message correctly 1`] = `
<div
  className="error-message"
>
  Error: 
  Error fetching data.
</div>
`;

exports[`should render loader correctly 1`] = `
<div
  className="banner-loading"
>
  Loading...
</div>
`;
